[0.447s] Invoking command in '/home/justinodasilva/arm/src/last_scara_arm': PYTHONPATH=/home/justinodasilva/arm/build/last_scara_arm/prefix_override:/usr/lib/python3/dist-packages/colcon_core/task/python/colcon_distutils_commands:/home/justinodasilva/arm/install/last_scara_arm/lib/python3.12/site-packages:${PYTHONPATH} /usr/bin/python3 -W ignore:setup.py install is deprecated -W ignore:easy_install command is deprecated setup.py egg_info --egg-base ../../build/last_scara_arm build --build-base /home/justinodasilva/arm/build/last_scara_arm/build install --record /home/justinodasilva/arm/build/last_scara_arm/install.log --single-version-externally-managed install_data
[0.581s] running egg_info
[0.590s] writing ../../build/last_scara_arm/last_scara_arm.egg-info/PKG-INFO
[0.590s] writing dependency_links to ../../build/last_scara_arm/last_scara_arm.egg-info/dependency_links.txt
[0.590s] writing entry points to ../../build/last_scara_arm/last_scara_arm.egg-info/entry_points.txt
[0.590s] writing requirements to ../../build/last_scara_arm/last_scara_arm.egg-info/requires.txt
[0.590s] writing top-level names to ../../build/last_scara_arm/last_scara_arm.egg-info/top_level.txt
[0.609s] reading manifest file '../../build/last_scara_arm/last_scara_arm.egg-info/SOURCES.txt'
[0.609s] writing manifest file '../../build/last_scara_arm/last_scara_arm.egg-info/SOURCES.txt'
[0.609s] running build
[0.609s] running build_py
[0.610s] copying last_scara_arm/petriDishMover.py -> /home/justinodasilva/arm/build/last_scara_arm/build/lib/last_scara_arm
[0.610s] running install
[0.614s] running install_lib
[0.623s] copying /home/justinodasilva/arm/build/last_scara_arm/build/lib/last_scara_arm/petriDishMover.py -> /home/justinodasilva/arm/install/last_scara_arm/lib/python3.12/site-packages/last_scara_arm
[0.623s] byte-compiling /home/justinodasilva/arm/install/last_scara_arm/lib/python3.12/site-packages/last_scara_arm/petriDishMover.py to petriDishMover.cpython-312.pyc
[0.624s] running install_data
[0.624s] creating /home/justinodasilva/arm/install/last_scara_arm/share/last_scara_arm/launch
[0.625s] copying launch/spawn_scara.launch.py -> /home/justinodasilva/arm/install/last_scara_arm/share/last_scara_arm/launch
[0.625s] creating /home/justinodasilva/arm/install/last_scara_arm/share/last_scara_arm/urdf
[0.625s] copying urdf/scara_controllers.yml -> /home/justinodasilva/arm/install/last_scara_arm/share/last_scara_arm/urdf
[0.625s] copying urdf/scara.urdf.xacro -> /home/justinodasilva/arm/install/last_scara_arm/share/last_scara_arm/urdf
[0.625s] creating /home/justinodasilva/arm/install/last_scara_arm/share/last_scara_arm/world
[0.625s] copying world/lab_world.sdf -> /home/justinodasilva/arm/install/last_scara_arm/share/last_scara_arm/world
[0.625s] running install_egg_info
[0.636s] removing '/home/justinodasilva/arm/install/last_scara_arm/lib/python3.12/site-packages/last_scara_arm-0.0.0-py3.12.egg-info' (and everything under it)
[0.636s] Copying ../../build/last_scara_arm/last_scara_arm.egg-info to /home/justinodasilva/arm/install/last_scara_arm/lib/python3.12/site-packages/last_scara_arm-0.0.0-py3.12.egg-info
[0.636s] running install_scripts
[0.701s] Installing movePetri script to /home/justinodasilva/arm/install/last_scara_arm/lib/last_scara_arm
[0.701s] Installing movingaparatus script to /home/justinodasilva/arm/install/last_scara_arm/lib/last_scara_arm
[0.701s] Installing petriDishMover script to /home/justinodasilva/arm/install/last_scara_arm/lib/last_scara_arm
[0.701s] writing list of installed files to '/home/justinodasilva/arm/build/last_scara_arm/install.log'
[0.721s] Invoked command in '/home/justinodasilva/arm/src/last_scara_arm' returned '0': PYTHONPATH=/home/justinodasilva/arm/build/last_scara_arm/prefix_override:/usr/lib/python3/dist-packages/colcon_core/task/python/colcon_distutils_commands:/home/justinodasilva/arm/install/last_scara_arm/lib/python3.12/site-packages:${PYTHONPATH} /usr/bin/python3 -W ignore:setup.py install is deprecated -W ignore:easy_install command is deprecated setup.py egg_info --egg-base ../../build/last_scara_arm build --build-base /home/justinodasilva/arm/build/last_scara_arm/build install --record /home/justinodasilva/arm/build/last_scara_arm/install.log --single-version-externally-managed install_data
