/home/justinodasilva/arm/install/last_scara_arm/lib/python3.12/site-packages/last_scara_arm/petriDishMover.py
/home/justinodasilva/arm/install/last_scara_arm/lib/python3.12/site-packages/last_scara_arm/__init__.py
/home/justinodasilva/arm/install/last_scara_arm/lib/python3.12/site-packages/last_scara_arm/movingaparatus.py
/home/justinodasilva/arm/install/last_scara_arm/lib/python3.12/site-packages/last_scara_arm/movePetri.py
/home/justinodasilva/arm/install/last_scara_arm/lib/python3.12/site-packages/last_scara_arm/__pycache__/petriDishMover.cpython-312.pyc
/home/justinodasilva/arm/install/last_scara_arm/lib/python3.12/site-packages/last_scara_arm/__pycache__/__init__.cpython-312.pyc
/home/justinodasilva/arm/install/last_scara_arm/lib/python3.12/site-packages/last_scara_arm/__pycache__/movingaparatus.cpython-312.pyc
/home/justinodasilva/arm/install/last_scara_arm/lib/python3.12/site-packages/last_scara_arm/__pycache__/movePetri.cpython-312.pyc
/home/justinodasilva/arm/install/last_scara_arm/share/ament_index/resource_index/packages/last_scara_arm
/home/justinodasilva/arm/install/last_scara_arm/share/last_scara_arm/package.xml
/home/justinodasilva/arm/install/last_scara_arm/share/last_scara_arm/launch/spawn_scara.launch.py
/home/justinodasilva/arm/install/last_scara_arm/share/last_scara_arm/urdf/scara_controllers.yml
/home/justinodasilva/arm/install/last_scara_arm/share/last_scara_arm/urdf/scara.urdf.xacro
/home/justinodasilva/arm/install/last_scara_arm/share/last_scara_arm/world/lab_world.sdf
/home/justinodasilva/arm/install/last_scara_arm/lib/python3.12/site-packages/last_scara_arm-0.0.0-py3.12.egg-info/SOURCES.txt
/home/justinodasilva/arm/install/last_scara_arm/lib/python3.12/site-packages/last_scara_arm-0.0.0-py3.12.egg-info/entry_points.txt
/home/justinodasilva/arm/install/last_scara_arm/lib/python3.12/site-packages/last_scara_arm-0.0.0-py3.12.egg-info/zip-safe
/home/justinodasilva/arm/install/last_scara_arm/lib/python3.12/site-packages/last_scara_arm-0.0.0-py3.12.egg-info/dependency_links.txt
/home/justinodasilva/arm/install/last_scara_arm/lib/python3.12/site-packages/last_scara_arm-0.0.0-py3.12.egg-info/top_level.txt
/home/justinodasilva/arm/install/last_scara_arm/lib/python3.12/site-packages/last_scara_arm-0.0.0-py3.12.egg-info/PKG-INFO
/home/justinodasilva/arm/install/last_scara_arm/lib/python3.12/site-packages/last_scara_arm-0.0.0-py3.12.egg-info/requires.txt
/home/justinodasilva/arm/install/last_scara_arm/lib/last_scara_arm/movePetri
/home/justinodasilva/arm/install/last_scara_arm/lib/last_scara_arm/movingaparatus
/home/justinodasilva/arm/install/last_scara_arm/lib/last_scara_arm/petriDishMover
