running egg_info
creating ../../build/last_scara_arm/last_scara_arm.egg-info
writing ../../build/last_scara_arm/last_scara_arm.egg-info/PKG-INFO
writing dependency_links to ../../build/last_scara_arm/last_scara_arm.egg-info/dependency_links.txt
writing requirements to ../../build/last_scara_arm/last_scara_arm.egg-info/requires.txt
writing top-level names to ../../build/last_scara_arm/last_scara_arm.egg-info/top_level.txt
writing manifest file '../../build/last_scara_arm/last_scara_arm.egg-info/SOURCES.txt'
reading manifest file '../../build/last_scara_arm/last_scara_arm.egg-info/SOURCES.txt'
writing manifest file '../../build/last_scara_arm/last_scara_arm.egg-info/SOURCES.txt'
running build
running build_py
creating /home/justinodasilva/arm/build/last_scara_arm/build
creating /home/justinodasilva/arm/build/last_scara_arm/build/lib
creating /home/justinodasilva/arm/build/last_scara_arm/build/lib/last_scara_arm
copying last_scara_arm/__init__.py -> /home/justinodasilva/arm/build/last_scara_arm/build/lib/last_scara_arm
copying last_scara_arm/movingaparatus.py -> /home/justinodasilva/arm/build/last_scara_arm/build/lib/last_scara_arm
copying last_scara_arm/movePetri.py -> /home/justinodasilva/arm/build/last_scara_arm/build/lib/last_scara_arm
running install
running install_lib
creating /home/justinodasilva/arm/install/last_scara_arm/lib/python3.12/site-packages/last_scara_arm
copying /home/justinodasilva/arm/build/last_scara_arm/build/lib/last_scara_arm/__init__.py -> /home/justinodasilva/arm/install/last_scara_arm/lib/python3.12/site-packages/last_scara_arm
copying /home/justinodasilva/arm/build/last_scara_arm/build/lib/last_scara_arm/movingaparatus.py -> /home/justinodasilva/arm/install/last_scara_arm/lib/python3.12/site-packages/last_scara_arm
copying /home/justinodasilva/arm/build/last_scara_arm/build/lib/last_scara_arm/movePetri.py -> /home/justinodasilva/arm/install/last_scara_arm/lib/python3.12/site-packages/last_scara_arm
byte-compiling /home/justinodasilva/arm/install/last_scara_arm/lib/python3.12/site-packages/last_scara_arm/__init__.py to __init__.cpython-312.pyc
byte-compiling /home/justinodasilva/arm/install/last_scara_arm/lib/python3.12/site-packages/last_scara_arm/movingaparatus.py to movingaparatus.cpython-312.pyc
byte-compiling /home/justinodasilva/arm/install/last_scara_arm/lib/python3.12/site-packages/last_scara_arm/movePetri.py to movePetri.cpython-312.pyc
running install_data
creating /home/justinodasilva/arm/install/last_scara_arm/share/ament_index
creating /home/justinodasilva/arm/install/last_scara_arm/share/ament_index/resource_index
creating /home/justinodasilva/arm/install/last_scara_arm/share/ament_index/resource_index/packages
copying resource/last_scara_arm -> /home/justinodasilva/arm/install/last_scara_arm/share/ament_index/resource_index/packages
copying package.xml -> /home/justinodasilva/arm/install/last_scara_arm/share/last_scara_arm
running install_egg_info
Copying ../../build/last_scara_arm/last_scara_arm.egg-info to /home/justinodasilva/arm/install/last_scara_arm/lib/python3.12/site-packages/last_scara_arm-0.0.0-py3.12.egg-info
running install_scripts
writing list of installed files to '/home/justinodasilva/arm/build/last_scara_arm/install.log'
